// Jest Snapshot v1, https://goo.gl/fbAQLP

exports[`pruebas en <GifExpertApp /> deberia mostrarse correctamente 1`] = `
<Fragment>
  <h2>
    GiffiApp
  </h2>
  <AddCategory
    setCategories={[Function]}
  />
  <hr />
  <ol />
</Fragment>
`;
